Stack free: 4194160
Stack free: 3932016
Stack free: 3669872
Stack free: 3407728
Stack free: 3145584
Stack free: 2883440
Stack free: 2621296
Stack free: 2359152
Stack free: 2097008
Stack free: 1834864
Stack free: 1572720